// Jest Snapshot v1, https://goo.gl/fbAQLP

exports[`Home Component should match Home component snapshot 1`] = `
ShallowWrapper {
  Symbol(enzyme.__root__): [Circular],
  Symbol(enzyme.__unrendered__): <Home />,
  Symbol(enzyme.__renderer__): Object {
    "batchedUpdates": [Function],
    "getNode": [Function],
    "render": [Function],
    "simulateError": [Function],
    "simulateEvent": [Function],
    "unmount": [Function],
  },
  Symbol(enzyme.__node__): Object {
    "instance": null,
    "key": undefined,
    "nodeType": "host",
    "props": Object {
      "align": "center",
      "children": Array [
        <PokemonModal
          data={null}
          getPokemonDetails={[Function]}
          handleCloseModal={[Function]}
          isMobile={false}
          modal={false}
          selectForm={[Function]}
          selectedForm={0}
/>,
        <Header />,
        <Search
          fetchPokemon={[Function]}
/>,
        <InfiniteScroll
          element="div"
          hasMore={true}
          initialLoad={true}
          isReverse={false}
          loadMore={[Function]}
          loader={<Loader />}
          pageStart={0}
          ref={null}
          threshold={250}
          useCapture={false}
          useWindow={true}
>
          <div
                    className="card-container"
          >
                    
          </div>
</InfiniteScroll>,
        <div>
          <Button
                    className="load-button"
                    color="primary"
                    onClick={[Function]}
                    size="lg"
                    tag="button"
          >
                    Load more Pokémon
          </Button>
</div>,
        null,
        null,
      ],
      "className": "main",
    },
    "ref": null,
    "rendered": Array [
      Object {
        "instance": null,
        "key": undefined,
        "nodeType": "class",
        "props": Object {
          "data": null,
          "getPokemonDetails": [Function],
          "handleCloseModal": [Function],
          "isMobile": false,
          "modal": false,
          "selectForm": [Function],
          "selectedForm": 0,
        },
        "ref": null,
        "rendered": null,
        "type": [Function],
      },
      Object {
        "instance": null,
        "key": undefined,
        "nodeType": "class",
        "props": Object {},
        "ref": null,
        "rendered": null,
        "type": [Function],
      },
      Object {
        "instance": null,
        "key": undefined,
        "nodeType": "class",
        "props": Object {
          "fetchPokemon": [Function],
        },
        "ref": null,
        "rendered": null,
        "type": [Function],
      },
      Object {
        "instance": null,
        "key": undefined,
        "nodeType": "class",
        "props": Object {
          "children": <div
            className="card-container"
>
            
</div>,
          "element": "div",
          "hasMore": true,
          "initialLoad": true,
          "isReverse": false,
          "loadMore": [Function],
          "loader": <Loader />,
          "pageStart": 0,
          "ref": null,
          "threshold": 250,
          "useCapture": false,
          "useWindow": true,
        },
        "ref": null,
        "rendered": Object {
          "instance": null,
          "key": undefined,
          "nodeType": "host",
          "props": Object {
            "children": Array [],
            "className": "card-container",
          },
          "ref": null,
          "rendered": Array [],
          "type": "div",
        },
        "type": [Function],
      },
      Object {
        "instance": null,
        "key": undefined,
        "nodeType": "host",
        "props": Object {
          "children": <Button
            className="load-button"
            color="primary"
            onClick={[Function]}
            size="lg"
            tag="button"
>
            Load more Pokémon
</Button>,
        },
        "ref": null,
        "rendered": Object {
          "instance": null,
          "key": undefined,
          "nodeType": "class",
          "props": Object {
            "children": "Load more Pokémon",
            "className": "load-button",
            "color": "primary",
            "onClick": [Function],
            "size": "lg",
            "tag": "button",
          },
          "ref": null,
          "rendered": "Load more Pokémon",
          "type": [Function],
        },
        "type": "div",
      },
      null,
      null,
    ],
    "type": "div",
  },
  Symbol(enzyme.__nodes__): Array [
    Object {
      "instance": null,
      "key": undefined,
      "nodeType": "host",
      "props": Object {
        "align": "center",
        "children": Array [
          <PokemonModal
            data={null}
            getPokemonDetails={[Function]}
            handleCloseModal={[Function]}
            isMobile={false}
            modal={false}
            selectForm={[Function]}
            selectedForm={0}
/>,
          <Header />,
          <Search
            fetchPokemon={[Function]}
/>,
          <InfiniteScroll
            element="div"
            hasMore={true}
            initialLoad={true}
            isReverse={false}
            loadMore={[Function]}
            loader={<Loader />}
            pageStart={0}
            ref={null}
            threshold={250}
            useCapture={false}
            useWindow={true}
>
            <div
                        className="card-container"
            >
                        
            </div>
</InfiniteScroll>,
          <div>
            <Button
                        className="load-button"
                        color="primary"
                        onClick={[Function]}
                        size="lg"
                        tag="button"
            >
                        Load more Pokémon
            </Button>
</div>,
          null,
          null,
        ],
        "className": "main",
      },
      "ref": null,
      "rendered": Array [
        Object {
          "instance": null,
          "key": undefined,
          "nodeType": "class",
          "props": Object {
            "data": null,
            "getPokemonDetails": [Function],
            "handleCloseModal": [Function],
            "isMobile": false,
            "modal": false,
            "selectForm": [Function],
            "selectedForm": 0,
          },
          "ref": null,
          "rendered": null,
          "type": [Function],
        },
        Object {
          "instance": null,
          "key": undefined,
          "nodeType": "class",
          "props": Object {},
          "ref": null,
          "rendered": null,
          "type": [Function],
        },
        Object {
          "instance": null,
          "key": undefined,
          "nodeType": "class",
          "props": Object {
            "fetchPokemon": [Function],
          },
          "ref": null,
          "rendered": null,
          "type": [Function],
        },
        Object {
          "instance": null,
          "key": undefined,
          "nodeType": "class",
          "props": Object {
            "children": <div
              className="card-container"
>
              
</div>,
            "element": "div",
            "hasMore": true,
            "initialLoad": true,
            "isReverse": false,
            "loadMore": [Function],
            "loader": <Loader />,
            "pageStart": 0,
            "ref": null,
            "threshold": 250,
            "useCapture": false,
            "useWindow": true,
          },
          "ref": null,
          "rendered": Object {
            "instance": null,
            "key": undefined,
            "nodeType": "host",
            "props": Object {
              "children": Array [],
              "className": "card-container",
            },
            "ref": null,
            "rendered": Array [],
            "type": "div",
          },
          "type": [Function],
        },
        Object {
          "instance": null,
          "key": undefined,
          "nodeType": "host",
          "props": Object {
            "children": <Button
              className="load-button"
              color="primary"
              onClick={[Function]}
              size="lg"
              tag="button"
>
              Load more Pokémon
</Button>,
          },
          "ref": null,
          "rendered": Object {
            "instance": null,
            "key": undefined,
            "nodeType": "class",
            "props": Object {
              "children": "Load more Pokémon",
              "className": "load-button",
              "color": "primary",
              "onClick": [Function],
              "size": "lg",
              "tag": "button",
            },
            "ref": null,
            "rendered": "Load more Pokémon",
            "type": [Function],
          },
          "type": "div",
        },
        null,
        null,
      ],
      "type": "div",
    },
  ],
  Symbol(enzyme.__options__): Object {
    "adapter": ReactSixteenAdapter {
      "options": Object {
        "enableComponentDidUpdateOnSetState": true,
        "lifecycles": Object {
          "componentDidUpdate": Object {
            "onSetState": true,
          },
          "getDerivedStateFromProps": true,
          "getSnapshotBeforeUpdate": true,
          "setState": Object {
            "skipsComponentDidUpdateOnNullish": true,
          },
        },
      },
    },
  },
}
`;
