// Jest Snapshot v1, https://goo.gl/fbAQLP

exports[`Abilities Component should match Abilities component snapshot 1`] = `
ShallowWrapper {
  Symbol(enzyme.__root__): [Circular],
  Symbol(enzyme.__unrendered__): <Abilities
    abilities={
        Array [
            Object {
              "description": "Increases moves' accuracy to 1.3×.",
              "hidden": false,
              "name": "Compound Eyes",
            },
            Object {
              "description": "Doubles damage inflicted with not very effective moves.",
              "hidden": true,
              "name": "Tinted Lens",
            },
          ]
    }
/>,
  Symbol(enzyme.__renderer__): Object {
    "batchedUpdates": [Function],
    "getNode": [Function],
    "render": [Function],
    "simulateError": [Function],
    "simulateEvent": [Function],
    "unmount": [Function],
  },
  Symbol(enzyme.__node__): Object {
    "instance": null,
    "key": undefined,
    "nodeType": "host",
    "props": Object {
      "children": Array [
        "Abilities: ",
        Array [
          <span>
            
            <SingleAbility
                        description="Increases moves' accuracy to 1.3×."
                        hidden={false}
                        index={0}
                        name="Compound Eyes"
            />
</span>,
          null,
        ],
      ],
    },
    "ref": null,
    "rendered": Array [
      "Abilities: ",
      Object {
        "instance": null,
        "key": "container-Compound Eyes",
        "nodeType": "host",
        "props": Object {
          "children": Array [
            "",
            <SingleAbility
              description="Increases moves' accuracy to 1.3×."
              hidden={false}
              index={0}
              name="Compound Eyes"
/>,
          ],
        },
        "ref": null,
        "rendered": Array [
          "",
          Object {
            "instance": null,
            "key": undefined,
            "nodeType": "class",
            "props": Object {
              "description": "Increases moves' accuracy to 1.3×.",
              "hidden": false,
              "index": 0,
              "name": "Compound Eyes",
            },
            "ref": null,
            "rendered": null,
            "type": [Function],
          },
        ],
        "type": "span",
      },
      null,
    ],
    "type": "h4",
  },
  Symbol(enzyme.__nodes__): Array [
    Object {
      "instance": null,
      "key": undefined,
      "nodeType": "host",
      "props": Object {
        "children": Array [
          "Abilities: ",
          Array [
            <span>
              
              <SingleAbility
                            description="Increases moves' accuracy to 1.3×."
                            hidden={false}
                            index={0}
                            name="Compound Eyes"
              />
</span>,
            null,
          ],
        ],
      },
      "ref": null,
      "rendered": Array [
        "Abilities: ",
        Object {
          "instance": null,
          "key": "container-Compound Eyes",
          "nodeType": "host",
          "props": Object {
            "children": Array [
              "",
              <SingleAbility
                description="Increases moves' accuracy to 1.3×."
                hidden={false}
                index={0}
                name="Compound Eyes"
/>,
            ],
          },
          "ref": null,
          "rendered": Array [
            "",
            Object {
              "instance": null,
              "key": undefined,
              "nodeType": "class",
              "props": Object {
                "description": "Increases moves' accuracy to 1.3×.",
                "hidden": false,
                "index": 0,
                "name": "Compound Eyes",
              },
              "ref": null,
              "rendered": null,
              "type": [Function],
            },
          ],
          "type": "span",
        },
        null,
      ],
      "type": "h4",
    },
  ],
  Symbol(enzyme.__options__): Object {
    "adapter": ReactSixteenAdapter {
      "options": Object {
        "enableComponentDidUpdateOnSetState": true,
        "lifecycles": Object {
          "componentDidUpdate": Object {
            "onSetState": true,
          },
          "getDerivedStateFromProps": true,
          "getSnapshotBeforeUpdate": true,
          "setState": Object {
            "skipsComponentDidUpdateOnNullish": true,
          },
        },
      },
    },
  },
}
`;
