// Jest Snapshot v1, https://goo.gl/fbAQLP

exports[`BasicInfo Component should match BasicInfo component snapshot 1`] = `
ShallowWrapper {
  Symbol(enzyme.__root__): [Circular],
  Symbol(enzyme.__unrendered__): <BasicInfo
    abilities={
        Array [
            Object {
              "description": "Increases moves' accuracy to 1.3×.",
              "hidden": false,
              "name": "Compound Eyes",
            },
            Object {
              "description": "Doubles damage inflicted with not very effective moves.",
              "hidden": true,
              "name": "Tinted Lens",
            },
          ]
    }
    description="Butterfree has a superior ability to search for delicious honey from flowers. It can even search out, extract, and carry honey from flowers that are blooming over six miles from its nest."
    id={12}
    name="Butterfree"
    species="Butterfly"
/>,
  Symbol(enzyme.__renderer__): Object {
    "batchedUpdates": [Function],
    "getNode": [Function],
    "render": [Function],
    "simulateError": [Function],
    "simulateEvent": [Function],
    "unmount": [Function],
  },
  Symbol(enzyme.__node__): Object {
    "instance": null,
    "key": undefined,
    "nodeType": "host",
    "props": Object {
      "children": <div
        className="text-container"
>
        <h1>
                012 Butterfree
        </h1>
        <h3>
                Butterfly Pokémon
        </h3>
        <h4
                className="description"
        >
                Butterfree has a superior ability to search for delicious honey from flowers. It can even search out, extract, and carry honey from flowers that are blooming over six miles from its nest.
        </h4>
        <Abilities
                abilities={
                        Array [
                                Object {
                                  "description": "Increases moves' accuracy to 1.3×.",
                                  "hidden": false,
                                  "name": "Compound Eyes",
                                },
                                Object {
                                  "description": "Doubles damage inflicted with not very effective moves.",
                                  "hidden": true,
                                  "name": "Tinted Lens",
                                },
                              ]
                }
        />
</div>,
      "className": "basic-info",
    },
    "ref": null,
    "rendered": Object {
      "instance": null,
      "key": undefined,
      "nodeType": "host",
      "props": Object {
        "children": Array [
          <h1>
            012 Butterfree
</h1>,
          <h3>
            Butterfly Pokémon
</h3>,
          <h4
            className="description"
>
            Butterfree has a superior ability to search for delicious honey from flowers. It can even search out, extract, and carry honey from flowers that are blooming over six miles from its nest.
</h4>,
          <Abilities
            abilities={
                        Array [
                                    Object {
                                      "description": "Increases moves' accuracy to 1.3×.",
                                      "hidden": false,
                                      "name": "Compound Eyes",
                                    },
                                    Object {
                                      "description": "Doubles damage inflicted with not very effective moves.",
                                      "hidden": true,
                                      "name": "Tinted Lens",
                                    },
                                  ]
            }
/>,
        ],
        "className": "text-container",
      },
      "ref": null,
      "rendered": Array [
        Object {
          "instance": null,
          "key": undefined,
          "nodeType": "host",
          "props": Object {
            "children": "012 Butterfree",
          },
          "ref": null,
          "rendered": "012 Butterfree",
          "type": "h1",
        },
        Object {
          "instance": null,
          "key": undefined,
          "nodeType": "host",
          "props": Object {
            "children": "Butterfly Pokémon",
          },
          "ref": null,
          "rendered": "Butterfly Pokémon",
          "type": "h3",
        },
        Object {
          "instance": null,
          "key": undefined,
          "nodeType": "host",
          "props": Object {
            "children": "Butterfree has a superior ability to search for delicious honey from flowers. It can even search out, extract, and carry honey from flowers that are blooming over six miles from its nest.",
            "className": "description",
          },
          "ref": null,
          "rendered": "Butterfree has a superior ability to search for delicious honey from flowers. It can even search out, extract, and carry honey from flowers that are blooming over six miles from its nest.",
          "type": "h4",
        },
        Object {
          "instance": null,
          "key": undefined,
          "nodeType": "class",
          "props": Object {
            "abilities": Array [
              Object {
                "description": "Increases moves' accuracy to 1.3×.",
                "hidden": false,
                "name": "Compound Eyes",
              },
              Object {
                "description": "Doubles damage inflicted with not very effective moves.",
                "hidden": true,
                "name": "Tinted Lens",
              },
            ],
          },
          "ref": null,
          "rendered": null,
          "type": [Function],
        },
      ],
      "type": "div",
    },
    "type": "div",
  },
  Symbol(enzyme.__nodes__): Array [
    Object {
      "instance": null,
      "key": undefined,
      "nodeType": "host",
      "props": Object {
        "children": <div
          className="text-container"
>
          <h1>
                    012 Butterfree
          </h1>
          <h3>
                    Butterfly Pokémon
          </h3>
          <h4
                    className="description"
          >
                    Butterfree has a superior ability to search for delicious honey from flowers. It can even search out, extract, and carry honey from flowers that are blooming over six miles from its nest.
          </h4>
          <Abilities
                    abilities={
                              Array [
                                        Object {
                                          "description": "Increases moves' accuracy to 1.3×.",
                                          "hidden": false,
                                          "name": "Compound Eyes",
                                        },
                                        Object {
                                          "description": "Doubles damage inflicted with not very effective moves.",
                                          "hidden": true,
                                          "name": "Tinted Lens",
                                        },
                                      ]
                    }
          />
</div>,
        "className": "basic-info",
      },
      "ref": null,
      "rendered": Object {
        "instance": null,
        "key": undefined,
        "nodeType": "host",
        "props": Object {
          "children": Array [
            <h1>
              012 Butterfree
</h1>,
            <h3>
              Butterfly Pokémon
</h3>,
            <h4
              className="description"
>
              Butterfree has a superior ability to search for delicious honey from flowers. It can even search out, extract, and carry honey from flowers that are blooming over six miles from its nest.
</h4>,
            <Abilities
              abilities={
                            Array [
                                          Object {
                                            "description": "Increases moves' accuracy to 1.3×.",
                                            "hidden": false,
                                            "name": "Compound Eyes",
                                          },
                                          Object {
                                            "description": "Doubles damage inflicted with not very effective moves.",
                                            "hidden": true,
                                            "name": "Tinted Lens",
                                          },
                                        ]
              }
/>,
          ],
          "className": "text-container",
        },
        "ref": null,
        "rendered": Array [
          Object {
            "instance": null,
            "key": undefined,
            "nodeType": "host",
            "props": Object {
              "children": "012 Butterfree",
            },
            "ref": null,
            "rendered": "012 Butterfree",
            "type": "h1",
          },
          Object {
            "instance": null,
            "key": undefined,
            "nodeType": "host",
            "props": Object {
              "children": "Butterfly Pokémon",
            },
            "ref": null,
            "rendered": "Butterfly Pokémon",
            "type": "h3",
          },
          Object {
            "instance": null,
            "key": undefined,
            "nodeType": "host",
            "props": Object {
              "children": "Butterfree has a superior ability to search for delicious honey from flowers. It can even search out, extract, and carry honey from flowers that are blooming over six miles from its nest.",
              "className": "description",
            },
            "ref": null,
            "rendered": "Butterfree has a superior ability to search for delicious honey from flowers. It can even search out, extract, and carry honey from flowers that are blooming over six miles from its nest.",
            "type": "h4",
          },
          Object {
            "instance": null,
            "key": undefined,
            "nodeType": "class",
            "props": Object {
              "abilities": Array [
                Object {
                  "description": "Increases moves' accuracy to 1.3×.",
                  "hidden": false,
                  "name": "Compound Eyes",
                },
                Object {
                  "description": "Doubles damage inflicted with not very effective moves.",
                  "hidden": true,
                  "name": "Tinted Lens",
                },
              ],
            },
            "ref": null,
            "rendered": null,
            "type": [Function],
          },
        ],
        "type": "div",
      },
      "type": "div",
    },
  ],
  Symbol(enzyme.__options__): Object {
    "adapter": ReactSixteenAdapter {
      "options": Object {
        "enableComponentDidUpdateOnSetState": true,
        "lifecycles": Object {
          "componentDidUpdate": Object {
            "onSetState": true,
          },
          "getDerivedStateFromProps": true,
          "getSnapshotBeforeUpdate": true,
          "setState": Object {
            "skipsComponentDidUpdateOnNullish": true,
          },
        },
      },
    },
  },
}
`;
