// Jest Snapshot v1, https://goo.gl/fbAQLP

exports[`PokemonType render should match Type component snapshot 1`] = `
ShallowWrapper {
  Symbol(enzyme.__root__): [Circular],
  Symbol(enzyme.__unrendered__): <PokemonType
    isLarge={true}
    isWeakness={true}
    types={
        Array [
            "water",
            "flying",
          ]
    }
/>,
  Symbol(enzyme.__renderer__): Object {
    "batchedUpdates": [Function],
    "getNode": [Function],
    "render": [Function],
    "simulateError": [Function],
    "simulateEvent": [Function],
    "unmount": [Function],
  },
  Symbol(enzyme.__node__): Object {
    "instance": null,
    "key": undefined,
    "nodeType": "host",
    "props": Object {
      "children": Array [
        <Badge
          className="type undefined large-type"
          color="secondary"
          onClick={[Function]}
          pill={true}
          tag="span"
>
          <h4>
                    <span />
          </h4>
</Badge>,
        <Badge
          className="type undefined large-type"
          color="secondary"
          onClick={[Function]}
          pill={true}
          tag="span"
>
          <h4>
                    <span />
          </h4>
</Badge>,
      ],
    },
    "ref": null,
    "rendered": Array [
      Object {
        "instance": null,
        "key": "NaN",
        "nodeType": "function",
        "props": Object {
          "children": <h4>
            <span />
</h4>,
          "className": "type undefined large-type",
          "color": "secondary",
          "onClick": [Function],
          "pill": true,
          "tag": "span",
        },
        "ref": null,
        "rendered": Object {
          "instance": null,
          "key": undefined,
          "nodeType": "host",
          "props": Object {
            "children": <span />,
          },
          "ref": null,
          "rendered": Object {
            "instance": null,
            "key": undefined,
            "nodeType": "host",
            "props": Object {
              "children": undefined,
            },
            "ref": null,
            "rendered": null,
            "type": "span",
          },
          "type": "h4",
        },
        "type": [Function],
      },
      Object {
        "instance": null,
        "key": "NaN",
        "nodeType": "function",
        "props": Object {
          "children": <h4>
            <span />
</h4>,
          "className": "type undefined large-type",
          "color": "secondary",
          "onClick": [Function],
          "pill": true,
          "tag": "span",
        },
        "ref": null,
        "rendered": Object {
          "instance": null,
          "key": undefined,
          "nodeType": "host",
          "props": Object {
            "children": <span />,
          },
          "ref": null,
          "rendered": Object {
            "instance": null,
            "key": undefined,
            "nodeType": "host",
            "props": Object {
              "children": undefined,
            },
            "ref": null,
            "rendered": null,
            "type": "span",
          },
          "type": "h4",
        },
        "type": [Function],
      },
    ],
    "type": "div",
  },
  Symbol(enzyme.__nodes__): Array [
    Object {
      "instance": null,
      "key": undefined,
      "nodeType": "host",
      "props": Object {
        "children": Array [
          <Badge
            className="type undefined large-type"
            color="secondary"
            onClick={[Function]}
            pill={true}
            tag="span"
>
            <h4>
                        <span />
            </h4>
</Badge>,
          <Badge
            className="type undefined large-type"
            color="secondary"
            onClick={[Function]}
            pill={true}
            tag="span"
>
            <h4>
                        <span />
            </h4>
</Badge>,
        ],
      },
      "ref": null,
      "rendered": Array [
        Object {
          "instance": null,
          "key": "NaN",
          "nodeType": "function",
          "props": Object {
            "children": <h4>
              <span />
</h4>,
            "className": "type undefined large-type",
            "color": "secondary",
            "onClick": [Function],
            "pill": true,
            "tag": "span",
          },
          "ref": null,
          "rendered": Object {
            "instance": null,
            "key": undefined,
            "nodeType": "host",
            "props": Object {
              "children": <span />,
            },
            "ref": null,
            "rendered": Object {
              "instance": null,
              "key": undefined,
              "nodeType": "host",
              "props": Object {
                "children": undefined,
              },
              "ref": null,
              "rendered": null,
              "type": "span",
            },
            "type": "h4",
          },
          "type": [Function],
        },
        Object {
          "instance": null,
          "key": "NaN",
          "nodeType": "function",
          "props": Object {
            "children": <h4>
              <span />
</h4>,
            "className": "type undefined large-type",
            "color": "secondary",
            "onClick": [Function],
            "pill": true,
            "tag": "span",
          },
          "ref": null,
          "rendered": Object {
            "instance": null,
            "key": undefined,
            "nodeType": "host",
            "props": Object {
              "children": <span />,
            },
            "ref": null,
            "rendered": Object {
              "instance": null,
              "key": undefined,
              "nodeType": "host",
              "props": Object {
                "children": undefined,
              },
              "ref": null,
              "rendered": null,
              "type": "span",
            },
            "type": "h4",
          },
          "type": [Function],
        },
      ],
      "type": "div",
    },
  ],
  Symbol(enzyme.__options__): Object {
    "adapter": ReactSixteenAdapter {
      "options": Object {
        "enableComponentDidUpdateOnSetState": true,
        "lifecycles": Object {
          "componentDidUpdate": Object {
            "onSetState": true,
          },
          "getDerivedStateFromProps": true,
          "getSnapshotBeforeUpdate": true,
          "setState": Object {
            "skipsComponentDidUpdateOnNullish": true,
          },
        },
      },
    },
  },
}
`;
